Loading db file '/p/fdk/fdk73/builds/stdcells/stdcell733_d.0.0_prea1/ccs/nn/d04_nn_p1273_3x1r6_tttt_1.1v_90c_ccst_pwr_pincap.ldb'
Warning: New technology license is required to read the frequency-based max_capacitance constraint tables from the library. PrimeTime will ignore these library tables. (PTE-117)
Loading db file '/p/fdk/fdk73/builds/stdcells/stdcell733_d.0.0_prea1/ccs/ln/d04_ln_p1273_3x1r6_tttt_1.1v_90c_ccst_pwr_pincap.ldb'
Loading db file '/p/fdk/fdk73/builds/stdcells/stdcell733_d.0.0_prea1/ccs/wn/d04_wn_p1273_3x1r6_tttt_1.1v_90c_ccst_pwr_pincap.ldb'
Loading db file '/p/fdk/fdk73/builds/stdcells/stdcell733_d.0.0_prea1/ccs/yn/d04_yn_p1273_3x1r6_tttt_1.1v_90c_ccst_pwr_pincap.ldb'
Loading db file '/p/fdk/fdk73/builds/stdcells/stdcell733_d.0.0_pre_misca1/lib/nn/d04_nn_misc_p1273_3x1r6_tttt_1.1v_90c_nldm_pwr_pincap.ldb'
Loading db file '/p/fdk/fdk73/builds/stdcells/stdcell733_d.0.0_pre_misca1/lib/ln/d04_ln_misc_p1273_3x1r6_tttt_1.1v_90c_nldm_pwr_pincap.ldb'
Loading db file '/p/fdk/fdk73/builds/stdcells/stdcell733_d.0.0_pre_misca1/lib/wn/d04_wn_misc_p1273_3x1r6_tttt_1.1v_90c_nldm_pwr_pincap.ldb'
Loading db file '/p/fdk/fdk73/builds/stdcells/stdcell733_d.0.0_pre_misca1/lib/yn/d04_yn_misc_p1273_3x1r6_tttt_1.1v_90c_nldm_pwr_pincap.ldb'
Linking design cpu...

Libraries used to link cpu:
  d04_ln_misc_p1273_3x1r6_tttt_1.1v_90c_nldm_pwr_pincap, 
  d04_ln_p1273_3x1r6_tttt_1.1v_90c_ccst_pwr_pincap, 
  d04_nn_p1273_3x1r6_tttt_1.1v_90c_ccst_pwr_pincap, 
  d04_wn_misc_p1273_3x1r6_tttt_1.1v_90c_nldm_pwr_pincap, 
  d04_wn_p1273_3x1r6_tttt_1.1v_90c_ccst_pwr_pincap, 
  d04_yn_p1273_3x1r6_tttt_1.1v_90c_ccst_pwr_pincap

Information: 1335 (95.70%) library cells are unused in library d04_nn_p1273_3x1r6_tttt_1.1v_90c_ccst_pwr_pincap.....
Information: 1337 (95.84%) library cells are unused in library d04_ln_p1273_3x1r6_tttt_1.1v_90c_ccst_pwr_pincap.....
Information: 1317 (94.41%) library cells are unused in library d04_wn_p1273_3x1r6_tttt_1.1v_90c_ccst_pwr_pincap.....
Information: 1374 (98.49%) library cells are unused in library d04_yn_p1273_3x1r6_tttt_1.1v_90c_ccst_pwr_pincap.....
Information: 53 (100.00%) library cells are unused in library d04_nn_misc_p1273_3x1r6_tttt_1.1v_90c_nldm_pwr_pincap.....
Information: 35 (97.22%) library cells are unused in library d04_ln_misc_p1273_3x1r6_tttt_1.1v_90c_nldm_pwr_pincap.....
Information: 35 (97.22%) library cells are unused in library d04_wn_misc_p1273_3x1r6_tttt_1.1v_90c_nldm_pwr_pincap.....
Information: 36 (100.00%) library cells are unused in library d04_yn_misc_p1273_3x1r6_tttt_1.1v_90c_nldm_pwr_pincap.....
Information: total 5522 library cells are unused.
Design 'cpu' was successfully linked.
1
